
=== fold 0: test=['URS08', 'URS16', 'URS31']  train=['URS26', 'URS36', 'URS40', 'URS45', 'URS51', 'URS54'] ===
   regime HUS : 1750 training frames from 5 subjects
      ep  1/12 loss 0.8696 (58s)
      ep  2/12 loss 0.8104 (56s)
      ep  3/12 loss 0.7876 (58s)
      ep  4/12 loss 0.7713 (59s)
      ep  5/12 loss 0.7573 (60s)
      ep  6/12 loss 0.7454 (56s)
      ep  7/12 loss 0.7362 (57s)
      ep  8/12 loss 0.7288 (54s)
      ep  9/12 loss 0.7237 (53s)
      ep 10/12 loss 0.7204 (53s)
      ep 11/12 loss 0.7184 (50s)
      ep 12/12 loss 0.7178 (52s)
      -> test HUS: subject-mean Dice 0.5806 tolF1 0.7837 (n_subj=2, n_frames=593)
      -> test RUS: subject-mean Dice 0.5680 tolF1 0.7587 (n_subj=3, n_frames=1278)
   regime RUS : 2453 training frames from 6 subjects
      ep  1/12 loss 0.8475 (71s)
      ep  2/12 loss 0.7923 (75s)
      ep  3/12 loss 0.7670 (79s)
      ep  4/12 loss 0.7454 (82s)
      ep  5/12 loss 0.7267 (78s)
      ep  6/12 loss 0.7116 (77s)
      ep  7/12 loss 0.6993 (77s)
      ep  8/12 loss 0.6899 (72s)
      ep  9/12 loss 0.6834 (79s)
      ep 10/12 loss 0.6791 (75s)
      ep 11/12 loss 0.6767 (77s)
      ep 12/12 loss 0.6758 (80s)
      -> test HUS: subject-mean Dice 0.6100 tolF1 0.7941 (n_subj=2, n_frames=593)
      -> test RUS: subject-mean Dice 0.5972 tolF1 0.7730 (n_subj=3, n_frames=1278)
   regime BOTH: 4203 training frames from 6 subjects
