masks found: 10223
  1000/10223
  2000/10223
  3000/10223
  4000/10223
  5000/10223
  6000/10223
  7000/10223
  8000/10223
  9000/10223
  10000/10223

class                    idx     obs_pixels   paper_pixels   relerr obs_imgs paper_imgs
Dorsal Space               5    397,350,611    397,350,611   0.0000   10,223     10,223
Dura                       1    142,857,955    142,857,955   0.0000    9,814      9,814
Pia                        2    142,721,881    142,721,894   0.0000    9,839      9,839
CSF                        3    118,161,757    118,161,757   0.0000    9,613      9,613
Dura/Pia complex           8     57,124,376     57,124,376   0.0000    2,732      2,732
Spinal cord                4    812,894,511    812,894,511   0.0000   10,223     10,223
Hematoma                   6     69,727,644     69,727,644   0.0000    5,756      5,756
Dura/Ventral Complex       9     58,152,053     58,152,053   0.0000    2,671      2,671
Ventral Space              7     89,571,059     89,571,059   0.0000    6,099      6,099
Background                 0     18,992,200     18,992,200   0.0000    6,385      6,385

UNKNOWN colours: {(1, 128, 0): 7, (2, 128, 0): 1, (3, 128, 0): 2, (8, 128, 0): 1, (28, 128, 0): 1, (42, 128, 0): 1}

wrote experiments\exp002_class_distribution\metrics.json
